GAMS 40.3.0  f227c22a Sep 16, 2022          DEX-DEG x86 64bit/Mac OS X - 11/19/22 15:21:48 Page 1
Pianificazione Multiperiodo
C o m p i l a t i o n


   2   
   3   
   6   
   7  Set T insieme dei mesi /1*6/
   8   
   9  Parameters
  10      D(t) domanda del mese t
  11      /
  12      1 100
  13      2 250
  14      3 190
  15      4 140
  16      5 220
  17      6 110
  18      /
  19   
  20      cp(t) Costo unitario di produzione al mese
  21      /
  22      1 50
  23      2 45
  24      3 55
  25      4 48
  26      5 52
  27      6 50
  28      /
  29   
  30  Scalars
  31      cs costo unitario di stoccaggio /8/
  32      I0 giacenza iniziale del magazzino /0/
  33      Imax Giacenza massima de lmagaazino /100/
  34  ;
  35   
  36  Variables
  37      x(t) produzione al mese t
  38      I(t) Livello delle scorte a fine mese t
  39      z variabile obiettivo (costi totali)
  40  ;
  41   
  42  Positive Variables x,I;
  43   
  44  Equations
  45      obiettivo   Funzione obiettivo
  46      bilancio(t) Vincolo di bilancio al mese t
  47  ;
  48   
  49  obiettivo.. z =e= sum(t, cp(t)*x(t)) + cs*sum(t,I(t));
  50   
  51  * Con il dollaro posso mettere dei valori condizionali
  52  * Bilancio mese per mese
  53   
  54  bilancio(t).. I(t-1)$(ord(t)>1) + I0$(ord(t)=1) + x(t) =e= D(t) +I(t);
  55  * ord(t) --> ordine dell'elemento all'interno dell'insieme T, prende il primo elemento dell'array, non il suo valore numerico
  56  * Dentro le condizioni posso mettere dentro anche
  57  * gt --> >
  58  * lt --> <
  59  * ge --> >=
  60  * le --> <=
  61   
  62  Model production /all/;
  63  Solve production using LP minimizing z;
  64   
  65  *postProcessamento, introduco due nuovi scalari
  66  Scalars
  67      Xtot Produzione nei 6 mesi
  68      Itot Stoccaggio nei 6 mesi
  69  ;
  70   
  71   
  72  Xtot = sum(t, x.l(t));
  73  Itot = sum(t, I.l(t));
  74   
  75  Display x.l, I.l, z.l, Xtot, Itot;
  76   
  77   
  78  *** Punto b
  79  I0 = 50;
  80  Solve Production using LP minimizing z;
  81   
  82  Display x.l, I.l, z.l;
  83   
  84  *** Punto c
  85  * Aggiunta vincolo: I6 = I0
  86  * Estensione I.fx va a controllare l'upper bound e il lower bound della variabile I
  87  I.fx('6') = I0;
  88  Solve Production using LP minimizing z;
  89   
  90  Display x.l, I.l, z.l;
  91   
  92  *Serve per la domanda finale
  93  Scalar fo_c valore della funzione obiettivo al punto c;
  94  fo_c = z.l;
  95   
  96  **Punto D
  97  *Aggiunta vincolo It<= Imax
  98  *Card => 6
  99  I.up(t)$(ord(t)<card(t)) = Imax;
 100  Solve Production using LP minimizing z;
 101   
 102  Display x.l, I.l, z.l;
 103   
 104  **Domanda finale-> raddoppio il magazzino
 105  Scalar delta Risparmio nei costi ottenuto raddoppiano il magazzino;
 106  delta = z.l - fo_c;
 107  Display delta;
 108   


COMPILATION TIME     =        0.004 SECONDS      3 MB  40.3.0 f227c22a DEX-DEG
GAMS 40.3.0  f227c22a Sep 16, 2022          DEX-DEG x86 64bit/Mac OS X - 11/19/22 15:21:48 Page 2
Pianificazione Multiperiodo
Equation Listing    SOLVE production Using LP From line 63


---- obiettivo  =E=  Funzione obiettivo

obiettivo..  - 50*x(1) - 45*x(2) - 55*x(3) - 48*x(4) - 52*x(5) - 50*x(6) - 8*I(1) - 8*I(2) - 8*I(3) - 8*I(4) - 8*I(5) - 8*I(6) + z =E= 0 ; (LHS = 0)
     

---- bilancio  =E=  Vincolo di bilancio al mese t

bilancio(1)..  x(1) - I(1) =E= 100 ; (LHS = 0, INFES = 100 ****)
     
bilancio(2)..  x(2) + I(1) - I(2) =E= 250 ; (LHS = 0, INFES = 250 ****)
     
bilancio(3)..  x(3) + I(2) - I(3) =E= 190 ; (LHS = 0, INFES = 190 ****)
     
REMAINING 3 ENTRIES SKIPPED

GAMS 40.3.0  f227c22a Sep 16, 2022          DEX-DEG x86 64bit/Mac OS X - 11/19/22 15:21:48 Page 3
Pianificazione Multiperiodo
Column Listing      SOLVE production Using LP From line 63


---- x  produzione al mese t

x(1)
                (.LO, .L, .UP, .M = 0, 0, +INF, 0)
      -50       obiettivo
        1       bilancio(1)

x(2)
                (.LO, .L, .UP, .M = 0, 0, +INF, 0)
      -45       obiettivo
        1       bilancio(2)

x(3)
                (.LO, .L, .UP, .M = 0, 0, +INF, 0)
      -55       obiettivo
        1       bilancio(3)

REMAINING 3 ENTRIES SKIPPED

---- I  Livello delle scorte a fine mese t

I(1)
                (.LO, .L, .UP, .M = 0, 0, +INF, 0)
       -8       obiettivo
       -1       bilancio(1)
        1       bilancio(2)

I(2)
                (.LO, .L, .UP, .M = 0, 0, +INF, 0)
       -8       obiettivo
       -1       bilancio(2)
        1       bilancio(3)

I(3)
                (.LO, .L, .UP, .M = 0, 0, +INF, 0)
       -8       obiettivo
       -1       bilancio(3)
        1       bilancio(4)

REMAINING 3 ENTRIES SKIPPED

---- z  variabile obiettivo (costi totali)

z
                (.LO, .L, .UP, .M = -INF, 0, +INF, 0)
        1       obiettivo

GAMS 40.3.0  f227c22a Sep 16, 2022          DEX-DEG x86 64bit/Mac OS X - 11/19/22 15:21:48 Page 4
Pianificazione Multiperiodo
Range Statistics    SOLVE production Using LP From line 63


RANGE STATISTICS (ABSOLUTE NON-ZERO FINITE VALUES)

RHS       [min, max] : [ 1.000E+02, 2.500E+02] - Zero values observed as well
Bound     [min, max] : [        NA,        NA] - Zero values observed as well
Matrix    [min, max] : [ 1.000E+00, 5.500E+01]

GAMS 40.3.0  f227c22a Sep 16, 2022          DEX-DEG x86 64bit/Mac OS X - 11/19/22 15:21:48 Page 5
Pianificazione Multiperiodo
Model Statistics    SOLVE production Using LP From line 63


MODEL STATISTICS

BLOCKS OF EQUATIONS           2     SINGLE EQUATIONS            7
BLOCKS OF VARIABLES           3     SINGLE VARIABLES           13
NON ZERO ELEMENTS            30


GENERATION TIME      =        0.097 SECONDS      4 MB  40.3.0 f227c22a DEX-DEG
GAMS 40.3.0  f227c22a Sep 16, 2022          DEX-DEG x86 64bit/Mac OS X - 11/19/22 15:21:48 Page 6
Pianificazione Multiperiodo
Solution Report     SOLVE production Using LP From line 63


               S O L V E      S U M M A R Y

     MODEL   production          OBJECTIVE  z
     TYPE    LP                  DIRECTION  MINIMIZE
     SOLVER  CPLEX               FROM LINE  63

**** SOLVER STATUS     1 Normal Completion
**** MODEL STATUS      1 Optimal
**** OBJECTIVE VALUE            49980.0000

 RESOURCE USAGE, LIMIT          0.254 10000000000.000
 ITERATION COUNT, LIMIT         0    2147483647
--- *** This solver runs with a demo license. No commercial use.
--- GMO setup time: 0.00s
--- GMO memory 0.50 Mb (peak 0.50 Mb)
--- Dictionary memory 0.00 Mb
--- Cplex 22.1.0.0 link memory 0.00 Mb (peak 0.00 Mb)
--- Starting Cplex


--- LP status (1): optimal.
--- Cplex Time: 0.01sec (det. 0.01 ticks)


Optimal solution found
Objective:        49980.000000


                           LOWER          LEVEL          UPPER         MARGINAL

---- EQU obiettivo           .              .              .             1.0000      

  obiettivo  Funzione obiettivo

---- EQU bilancio  Vincolo di bilancio al mese t

         LOWER          LEVEL          UPPER         MARGINAL

1       100.0000       100.0000       100.0000        50.0000      
2       250.0000       250.0000       250.0000        45.0000      
3       190.0000       190.0000       190.0000        53.0000      
4       140.0000       140.0000       140.0000        48.0000      
5       220.0000       220.0000       220.0000        52.0000      
6       110.0000       110.0000       110.0000        50.0000      

---- VAR x  produzione al mese t

         LOWER          LEVEL          UPPER         MARGINAL

1          .           100.0000        +INF             .          
2          .           440.0000        +INF             .          
3          .              .            +INF            2.0000      
4          .           140.0000        +INF             .          
5          .           220.0000        +INF             .          
6          .           110.0000        +INF             .          

---- VAR I  Livello delle scorte a fine mese t

         LOWER          LEVEL          UPPER         MARGINAL

1          .              .            +INF           13.0000      
2          .           190.0000        +INF             .          
3          .              .            +INF           13.0000      
4          .              .            +INF            4.0000      
5          .              .            +INF           10.0000      
6          .              .            +INF           58.0000      

                           LOWER          LEVEL          UPPER         MARGINAL

---- VAR z                 -INF        49980.0000        +INF             .          

  z  variabile obiettivo (costi totali)


**** REPORT SUMMARY :        0     NONOPT
                             0 INFEASIBLE
                             0  UNBOUNDED
GAMS 40.3.0  f227c22a Sep 16, 2022          DEX-DEG x86 64bit/Mac OS X - 11/19/22 15:21:48 Page 7
Pianificazione Multiperiodo
E x e c u t i o n


----     75 VARIABLE x.L  produzione al mese t

1 100.000,    2 440.000,    4 140.000,    5 220.000,    6 110.000


----     75 VARIABLE I.L  Livello delle scorte a fine mese t

2 190.000


----     75 VARIABLE z.L                   =    49980.000  variabile obiettivo (costi totali)
            PARAMETER Xtot                 =     1010.000  Produzione nei 6 mesi
            PARAMETER Itot                 =      190.000  Stoccaggio nei 6 mesi
GAMS 40.3.0  f227c22a Sep 16, 2022          DEX-DEG x86 64bit/Mac OS X - 11/19/22 15:21:48 Page 8
Pianificazione Multiperiodo
Equation Listing    SOLVE production Using LP From line 80


---- obiettivo  =E=  Funzione obiettivo

obiettivo..  - 50*x(1) - 45*x(2) - 55*x(3) - 48*x(4) - 52*x(5) - 50*x(6) - 8*I(1) - 8*I(2) - 8*I(3) - 8*I(4) - 8*I(5) - 8*I(6) + z =E= 0 ; (LHS = 0)
     

---- bilancio  =E=  Vincolo di bilancio al mese t

bilancio(1)..  x(1) - I(1) =E= 50 ; (LHS = 100, INFES = 50 ****)
     
bilancio(2)..  x(2) + I(1) - I(2) =E= 250 ; (LHS = 250)
     
bilancio(3)..  x(3) + I(2) - I(3) =E= 190 ; (LHS = 190)
     
REMAINING 3 ENTRIES SKIPPED

GAMS 40.3.0  f227c22a Sep 16, 2022          DEX-DEG x86 64bit/Mac OS X - 11/19/22 15:21:48 Page 9
Pianificazione Multiperiodo
Column Listing      SOLVE production Using LP From line 80


---- x  produzione al mese t

x(1)
                (.LO, .L, .UP, .M = 0, 100, +INF, 0)
      -50       obiettivo
        1       bilancio(1)

x(2)
                (.LO, .L, .UP, .M = 0, 440, +INF, 0)
      -45       obiettivo
        1       bilancio(2)

x(3)
                (.LO, .L, .UP, .M = 0, 0, +INF, 2)
      -55       obiettivo
        1       bilancio(3)

REMAINING 3 ENTRIES SKIPPED

---- I  Livello delle scorte a fine mese t

I(1)
                (.LO, .L, .UP, .M = 0, 0, +INF, 13)
       -8       obiettivo
       -1       bilancio(1)
        1       bilancio(2)

I(2)
                (.LO, .L, .UP, .M = 0, 190, +INF, 0)
       -8       obiettivo
       -1       bilancio(2)
        1       bilancio(3)

I(3)
                (.LO, .L, .UP, .M = 0, 0, +INF, 13)
       -8       obiettivo
       -1       bilancio(3)
        1       bilancio(4)

REMAINING 3 ENTRIES SKIPPED

---- z  variabile obiettivo (costi totali)

z
                (.LO, .L, .UP, .M = -INF, 49980, +INF, 0)
        1       obiettivo

GAMS 40.3.0  f227c22a Sep 16, 2022          DEX-DEG x86 64bit/Mac OS X - 11/19/22 15:21:48 Page 10
Pianificazione Multiperiodo
Range Statistics    SOLVE production Using LP From line 80


RANGE STATISTICS (ABSOLUTE NON-ZERO FINITE VALUES)

RHS       [min, max] : [ 5.000E+01, 2.500E+02] - Zero values observed as well
Bound     [min, max] : [        NA,        NA] - Zero values observed as well
Matrix    [min, max] : [ 1.000E+00, 5.500E+01]

GAMS 40.3.0  f227c22a Sep 16, 2022          DEX-DEG x86 64bit/Mac OS X - 11/19/22 15:21:48 Page 11
Pianificazione Multiperiodo
Model Statistics    SOLVE production Using LP From line 80


MODEL STATISTICS

BLOCKS OF EQUATIONS           2     SINGLE EQUATIONS            7
BLOCKS OF VARIABLES           3     SINGLE VARIABLES           13
NON ZERO ELEMENTS            30


GENERATION TIME      =        0.001 SECONDS      4 MB  40.3.0 f227c22a DEX-DEG
GAMS 40.3.0  f227c22a Sep 16, 2022          DEX-DEG x86 64bit/Mac OS X - 11/19/22 15:21:48 Page 12
Pianificazione Multiperiodo
Solution Report     SOLVE production Using LP From line 80


               S O L V E      S U M M A R Y

     MODEL   production          OBJECTIVE  z
     TYPE    LP                  DIRECTION  MINIMIZE
     SOLVER  CPLEX               FROM LINE  80

**** SOLVER STATUS     1 Normal Completion
**** MODEL STATUS      1 Optimal
**** OBJECTIVE VALUE            47480.0000

 RESOURCE USAGE, LIMIT          0.013 10000000000.000
 ITERATION COUNT, LIMIT         0    2147483647
--- *** This solver runs with a demo license. No commercial use.
--- GMO setup time: 0.00s
--- GMO memory 0.50 Mb (peak 0.50 Mb)
--- Dictionary memory 0.00 Mb
--- Cplex 22.1.0.0 link memory 0.00 Mb (peak 0.00 Mb)
--- Starting Cplex


--- LP status (1): optimal.
--- Cplex Time: 0.00sec (det. 0.01 ticks)


Optimal solution found
Objective:        47480.000000


                           LOWER          LEVEL          UPPER         MARGINAL

---- EQU obiettivo           .              .              .             1.0000      

  obiettivo  Funzione obiettivo

---- EQU bilancio  Vincolo di bilancio al mese t

         LOWER          LEVEL          UPPER         MARGINAL

1        50.0000        50.0000        50.0000        50.0000      
2       250.0000       250.0000       250.0000        45.0000      
3       190.0000       190.0000       190.0000        53.0000      
4       140.0000       140.0000       140.0000        48.0000      
5       220.0000       220.0000       220.0000        52.0000      
6       110.0000       110.0000       110.0000        50.0000      

---- VAR x  produzione al mese t

         LOWER          LEVEL          UPPER         MARGINAL

1          .            50.0000        +INF             .          
2          .           440.0000        +INF             .          
3          .              .            +INF            2.0000      
4          .           140.0000        +INF             .          
5          .           220.0000        +INF             .          
6          .           110.0000        +INF             .          

---- VAR I  Livello delle scorte a fine mese t

         LOWER          LEVEL          UPPER         MARGINAL

1          .              .            +INF           13.0000      
2          .           190.0000        +INF             .          
3          .              .            +INF           13.0000      
4          .              .            +INF            4.0000      
5          .              .            +INF           10.0000      
6          .              .            +INF           58.0000      

                           LOWER          LEVEL          UPPER         MARGINAL

---- VAR z                 -INF        47480.0000        +INF             .          

  z  variabile obiettivo (costi totali)


**** REPORT SUMMARY :        0     NONOPT
                             0 INFEASIBLE
                             0  UNBOUNDED
GAMS 40.3.0  f227c22a Sep 16, 2022          DEX-DEG x86 64bit/Mac OS X - 11/19/22 15:21:48 Page 13
Pianificazione Multiperiodo
E x e c u t i o n


----     82 VARIABLE x.L  produzione al mese t

1  50.000,    2 440.000,    4 140.000,    5 220.000,    6 110.000


----     82 VARIABLE I.L  Livello delle scorte a fine mese t

2 190.000


----     82 VARIABLE z.L                   =    47480.000  variabile obiettivo (costi totali)
GAMS 40.3.0  f227c22a Sep 16, 2022          DEX-DEG x86 64bit/Mac OS X - 11/19/22 15:21:48 Page 14
Pianificazione Multiperiodo
Equation Listing    SOLVE production Using LP From line 88


---- obiettivo  =E=  Funzione obiettivo

obiettivo..  - 50*x(1) - 45*x(2) - 55*x(3) - 48*x(4) - 52*x(5) - 50*x(6) - 8*I(1) - 8*I(2) - 8*I(3) - 8*I(4) - 8*I(5) - 8*I(6) + z =E= 0 ; (LHS = -400, INFES = 400 ****)
     

---- bilancio  =E=  Vincolo di bilancio al mese t

bilancio(1)..  x(1) - I(1) =E= 50 ; (LHS = 50)
     
bilancio(2)..  x(2) + I(1) - I(2) =E= 250 ; (LHS = 250)
     
bilancio(3)..  x(3) + I(2) - I(3) =E= 190 ; (LHS = 190)
     
REMAINING 3 ENTRIES SKIPPED

GAMS 40.3.0  f227c22a Sep 16, 2022          DEX-DEG x86 64bit/Mac OS X - 11/19/22 15:21:48 Page 15
Pianificazione Multiperiodo
Column Listing      SOLVE production Using LP From line 88


---- x  produzione al mese t

x(1)
                (.LO, .L, .UP, .M = 0, 50, +INF, 0)
      -50       obiettivo
        1       bilancio(1)

x(2)
                (.LO, .L, .UP, .M = 0, 440, +INF, 0)
      -45       obiettivo
        1       bilancio(2)

x(3)
                (.LO, .L, .UP, .M = 0, 0, +INF, 2)
      -55       obiettivo
        1       bilancio(3)

REMAINING 3 ENTRIES SKIPPED

---- I  Livello delle scorte a fine mese t

I(1)
                (.LO, .L, .UP, .M = 0, 0, +INF, 13)
       -8       obiettivo
       -1       bilancio(1)
        1       bilancio(2)

I(2)
                (.LO, .L, .UP, .M = 0, 190, +INF, 0)
       -8       obiettivo
       -1       bilancio(2)
        1       bilancio(3)

I(3)
                (.LO, .L, .UP, .M = 0, 0, +INF, 13)
       -8       obiettivo
       -1       bilancio(3)
        1       bilancio(4)

REMAINING 3 ENTRIES SKIPPED

---- z  variabile obiettivo (costi totali)

z
                (.LO, .L, .UP, .M = -INF, 47480, +INF, 0)
        1       obiettivo

GAMS 40.3.0  f227c22a Sep 16, 2022          DEX-DEG x86 64bit/Mac OS X - 11/19/22 15:21:48 Page 16
Pianificazione Multiperiodo
Range Statistics    SOLVE production Using LP From line 88


RANGE STATISTICS (ABSOLUTE NON-ZERO FINITE VALUES)

RHS       [min, max] : [ 5.000E+01, 2.500E+02] - Zero values observed as well
Bound     [min, max] : [ 5.000E+01, 5.000E+01] - Zero values observed as well
Matrix    [min, max] : [ 1.000E+00, 5.500E+01]

GAMS 40.3.0  f227c22a Sep 16, 2022          DEX-DEG x86 64bit/Mac OS X - 11/19/22 15:21:48 Page 17
Pianificazione Multiperiodo
Model Statistics    SOLVE production Using LP From line 88


MODEL STATISTICS

BLOCKS OF EQUATIONS           2     SINGLE EQUATIONS            7
BLOCKS OF VARIABLES           3     SINGLE VARIABLES           13
NON ZERO ELEMENTS            30


GENERATION TIME      =        0.002 SECONDS      4 MB  40.3.0 f227c22a DEX-DEG
GAMS 40.3.0  f227c22a Sep 16, 2022          DEX-DEG x86 64bit/Mac OS X - 11/19/22 15:21:48 Page 18
Pianificazione Multiperiodo
Solution Report     SOLVE production Using LP From line 88


               S O L V E      S U M M A R Y

     MODEL   production          OBJECTIVE  z
     TYPE    LP                  DIRECTION  MINIMIZE
     SOLVER  CPLEX               FROM LINE  88

**** SOLVER STATUS     1 Normal Completion
**** MODEL STATUS      1 Optimal
**** OBJECTIVE VALUE            50380.0000

 RESOURCE USAGE, LIMIT          0.012 10000000000.000
 ITERATION COUNT, LIMIT         0    2147483647
--- *** This solver runs with a demo license. No commercial use.
--- GMO setup time: 0.00s
--- GMO memory 0.50 Mb (peak 0.50 Mb)
--- Dictionary memory 0.00 Mb
--- Cplex 22.1.0.0 link memory 0.00 Mb (peak 0.00 Mb)
--- Starting Cplex


--- LP status (1): optimal.
--- Cplex Time: 0.00sec (det. 0.01 ticks)


Optimal solution found
Objective:        50380.000000


                           LOWER          LEVEL          UPPER         MARGINAL

---- EQU obiettivo           .              .              .             1.0000      

  obiettivo  Funzione obiettivo

---- EQU bilancio  Vincolo di bilancio al mese t

         LOWER          LEVEL          UPPER         MARGINAL

1        50.0000        50.0000        50.0000        50.0000      
2       250.0000       250.0000       250.0000        45.0000      
3       190.0000       190.0000       190.0000        53.0000      
4       140.0000       140.0000       140.0000        48.0000      
5       220.0000       220.0000       220.0000        52.0000      
6       110.0000       110.0000       110.0000        50.0000      

---- VAR x  produzione al mese t

         LOWER          LEVEL          UPPER         MARGINAL

1          .            50.0000        +INF             .          
2          .           440.0000        +INF             .          
3          .              .            +INF            2.0000      
4          .           140.0000        +INF             .          
5          .           220.0000        +INF             .          
6          .           160.0000        +INF             .          

---- VAR I  Livello delle scorte a fine mese t

         LOWER          LEVEL          UPPER         MARGINAL

1          .              .            +INF           13.0000      
2          .           190.0000        +INF             .          
3          .              .            +INF           13.0000      
4          .              .            +INF            4.0000      
5          .              .            +INF           10.0000      
6        50.0000        50.0000        50.0000        58.0000      

                           LOWER          LEVEL          UPPER         MARGINAL

---- VAR z                 -INF        50380.0000        +INF             .          

  z  variabile obiettivo (costi totali)


**** REPORT SUMMARY :        0     NONOPT
                             0 INFEASIBLE
                             0  UNBOUNDED
GAMS 40.3.0  f227c22a Sep 16, 2022          DEX-DEG x86 64bit/Mac OS X - 11/19/22 15:21:48 Page 19
Pianificazione Multiperiodo
E x e c u t i o n


----     90 VARIABLE x.L  produzione al mese t

1  50.000,    2 440.000,    4 140.000,    5 220.000,    6 160.000


----     90 VARIABLE I.L  Livello delle scorte a fine mese t

2 190.000,    6  50.000


----     90 VARIABLE z.L                   =    50380.000  variabile obiettivo (costi totali)
GAMS 40.3.0  f227c22a Sep 16, 2022          DEX-DEG x86 64bit/Mac OS X - 11/19/22 15:21:48 Page 20
Pianificazione Multiperiodo
Equation Listing    SOLVE production Using LP From line 100


---- obiettivo  =E=  Funzione obiettivo

obiettivo..  - 50*x(1) - 45*x(2) - 55*x(3) - 48*x(4) - 52*x(5) - 50*x(6) - 8*I(1) - 8*I(2) - 8*I(3) - 8*I(4) - 8*I(5) - 8*I(6) + z =E= 0 ; (LHS = 720, INFES = 720 ****)
     

---- bilancio  =E=  Vincolo di bilancio al mese t

bilancio(1)..  x(1) - I(1) =E= 50 ; (LHS = 50)
     
bilancio(2)..  x(2) + I(1) - I(2) =E= 250 ; (LHS = 340, INFES = 90 ****)
     
bilancio(3)..  x(3) + I(2) - I(3) =E= 190 ; (LHS = 100, INFES = 90 ****)
     
REMAINING 3 ENTRIES SKIPPED

GAMS 40.3.0  f227c22a Sep 16, 2022          DEX-DEG x86 64bit/Mac OS X - 11/19/22 15:21:48 Page 21
Pianificazione Multiperiodo
Column Listing      SOLVE production Using LP From line 100


---- x  produzione al mese t

x(1)
                (.LO, .L, .UP, .M = 0, 50, +INF, 0)
      -50       obiettivo
        1       bilancio(1)

x(2)
                (.LO, .L, .UP, .M = 0, 440, +INF, 0)
      -45       obiettivo
        1       bilancio(2)

x(3)
                (.LO, .L, .UP, .M = 0, 0, +INF, 2)
      -55       obiettivo
        1       bilancio(3)

REMAINING 3 ENTRIES SKIPPED

---- I  Livello delle scorte a fine mese t

I(1)
                (.LO, .L, .UP, .M = 0, 0, 100, 13)
       -8       obiettivo
       -1       bilancio(1)
        1       bilancio(2)

I(2)
                (.LO, .L, .UP, .M = 0, 100, 100, 0)
       -8       obiettivo
       -1       bilancio(2)
        1       bilancio(3)
      190       (OLD LEVEL ****)

I(3)
                (.LO, .L, .UP, .M = 0, 0, 100, 13)
       -8       obiettivo
       -1       bilancio(3)
        1       bilancio(4)

REMAINING 3 ENTRIES SKIPPED

---- z  variabile obiettivo (costi totali)

z
                (.LO, .L, .UP, .M = -INF, 50380, +INF, 0)
        1       obiettivo

GAMS 40.3.0  f227c22a Sep 16, 2022          DEX-DEG x86 64bit/Mac OS X - 11/19/22 15:21:48 Page 22
Pianificazione Multiperiodo
Range Statistics    SOLVE production Using LP From line 100


RANGE STATISTICS (ABSOLUTE NON-ZERO FINITE VALUES)

RHS       [min, max] : [ 5.000E+01, 2.500E+02] - Zero values observed as well
Bound     [min, max] : [ 5.000E+01, 1.000E+02] - Zero values observed as well
Matrix    [min, max] : [ 1.000E+00, 5.500E+01]

GAMS 40.3.0  f227c22a Sep 16, 2022          DEX-DEG x86 64bit/Mac OS X - 11/19/22 15:21:48 Page 23
Pianificazione Multiperiodo
Model Statistics    SOLVE production Using LP From line 100


MODEL STATISTICS

BLOCKS OF EQUATIONS           2     SINGLE EQUATIONS            7
BLOCKS OF VARIABLES           3     SINGLE VARIABLES           13  1 projected
NON ZERO ELEMENTS            30


GENERATION TIME      =        0.001 SECONDS      4 MB  40.3.0 f227c22a DEX-DEG
GAMS 40.3.0  f227c22a Sep 16, 2022          DEX-DEG x86 64bit/Mac OS X - 11/19/22 15:21:48 Page 24
Pianificazione Multiperiodo
Solution Report     SOLVE production Using LP From line 100


               S O L V E      S U M M A R Y

     MODEL   production          OBJECTIVE  z
     TYPE    LP                  DIRECTION  MINIMIZE
     SOLVER  CPLEX               FROM LINE  100

**** SOLVER STATUS     1 Normal Completion
**** MODEL STATUS      1 Optimal
**** OBJECTIVE VALUE            50560.0000

 RESOURCE USAGE, LIMIT          0.011 10000000000.000
 ITERATION COUNT, LIMIT         0    2147483647
--- *** This solver runs with a demo license. No commercial use.
--- GMO setup time: 0.00s
--- GMO memory 0.50 Mb (peak 0.50 Mb)
--- Dictionary memory 0.00 Mb
--- Cplex 22.1.0.0 link memory 0.00 Mb (peak 0.00 Mb)
--- Starting Cplex


--- LP status (1): optimal.
--- Cplex Time: 0.00sec (det. 0.01 ticks)


Optimal solution found
Objective:        50560.000000


                           LOWER          LEVEL          UPPER         MARGINAL

---- EQU obiettivo           .              .              .             1.0000      

  obiettivo  Funzione obiettivo

---- EQU bilancio  Vincolo di bilancio al mese t

         LOWER          LEVEL          UPPER         MARGINAL

1        50.0000        50.0000        50.0000        50.0000      
2       250.0000       250.0000       250.0000        45.0000      
3       190.0000       190.0000       190.0000        55.0000      
4       140.0000       140.0000       140.0000        48.0000      
5       220.0000       220.0000       220.0000        52.0000      
6       110.0000       110.0000       110.0000        50.0000      

---- VAR x  produzione al mese t

         LOWER          LEVEL          UPPER         MARGINAL

1          .            50.0000        +INF             .          
2          .           350.0000        +INF             .          
3          .            90.0000        +INF             .          
4          .           140.0000        +INF             .          
5          .           220.0000        +INF             .          
6          .           160.0000        +INF             .          

---- VAR I  Livello delle scorte a fine mese t

         LOWER          LEVEL          UPPER         MARGINAL

1          .              .           100.0000        13.0000      
2          .           100.0000       100.0000        -2.0000      
3          .              .           100.0000        15.0000      
4          .              .           100.0000         4.0000      
5          .              .           100.0000        10.0000      
6        50.0000        50.0000        50.0000        58.0000      

                           LOWER          LEVEL          UPPER         MARGINAL

---- VAR z                 -INF        50560.0000        +INF             .          

  z  variabile obiettivo (costi totali)


**** REPORT SUMMARY :        0     NONOPT
                             0 INFEASIBLE
                             0  UNBOUNDED
GAMS 40.3.0  f227c22a Sep 16, 2022          DEX-DEG x86 64bit/Mac OS X - 11/19/22 15:21:48 Page 25
Pianificazione Multiperiodo
E x e c u t i o n


----    102 VARIABLE x.L  produzione al mese t

1  50.000,    2 350.000,    3  90.000,    4 140.000,    5 220.000,    6 160.000


----    102 VARIABLE I.L  Livello delle scorte a fine mese t

2 100.000,    6  50.000


----    102 VARIABLE z.L                   =    50560.000  variabile obiettivo (costi totali)

----    107 PARAMETER delta                =      180.000  Risparmio nei costi ottenuto raddoppiano il magazzino


EXECUTION TIME       =        0.538 SECONDS      4 MB  40.3.0 f227c22a DEX-DEG


USER: GAMS Demo license for marco vinciguerra        G220927|0002CO-GEN
      unibg, Italy                                             DL074718


**** FILE SUMMARY

Input      /Users/marcovinciguerra/Github/Gams/Es3.gms
Output     /Users/marcovinciguerra/Github/Gams/Es3.lst
