GAMS 40.3.0  f227c22a Sep 16, 2022          DEX-DEG x86 64bit/Mac OS X - 10/02/22 16:04:53 Page 1
Primo esempio
C o m p i l a t i o n


   2   
   3  *Implementazione GAMS del primo esempio
   4   
      Implementazione GAMS del primo esempio
   8   
   9  *Insiemi degli indici
  10  Sets
  11      I insieme delle risorse /i1*i3/
  12      J insieme dei prodotti  /j1*j5/
  13  ;
  14  *Oppure
  15  *  J insieme dei prodotti /1*5/ -> va da 1 a 5
  16   
  17  *Insieme degli scalari
  18  Scalars
  19      f lower bound /0.1/
  20      g upper bound /1/
  21  ;
  22   
  23  *Vettori
  24  Parameters
  25      c(j) profitto del prodotto j
  26      /
  27      j1 -1
  28      j2  1.5
  29      j3  2
  30      j4  2.5
  31      j5  3
  32      /
  33   
  34      b(i) disponibilità della risorsa i
  35      /
  36      i1 0.5
  37      i2 1
  38      i3 1
  39      /
  40  ;
  41   
  42  *Matrici
  43  Table A(i,j) consumo di risorsa i del prodotto j
  44          j1  j2  j3  j4  j5
  45      i1 0.5 0.7 0.2 0.4 0.5
  46      i2 0.3 0.1 0.4 0.5 0.6
  47      i3 0.2 0.5 0.4 0.6 0.5
  48  ;
  49   
  50  *Importante = trasposta di una matrice usando una matrice già usata come variabile precedentemente
  51  Parameter At(j, i);
  52   
  53  *Qui faccio l'assegnamento, prima va dichiarata
  54  At(j, i) = A(i, j);
  55   
  56  *Variabili dell'equazione
  57  *z è il risultato
  58  Variables
  59      x(j) produzione del prodotto j
  60      z variabile obiettivo (profitto totale)
  61  ;
  62   
  63  *Specifico che x(j) è una variabile solo positiva (>=0) ma è comunque una variabile continua
  64  Positive variable x;
  65  *Quando inizializzo è di default free, quindi la riga non è necessaria
  66  Free variable z è una variabile perchè dipende da una variabile;
  67   
          Negative variable (<=0)
          Free variable  (in R)
          Integer variable (in [0...100])
          Binary variable in ([0,1]-> boolean)
  74   
  75   
  76  *Ogni equazione sarebbe una riga della foto
  77  Equations
  78      obiettivo funzione obiettivo
  79      disp(i)   disponibilità delle risorse
  80      lb(j)     lower bound sul prodotto j
  81      ub(j)     upper bound sul prodotto j
  82  ;
  83   
       =l= => minore  uguale
       =g= => maggiore uguale
       =e= => uguale
  89   
  90   
  91  obiettivo.. z =e= sum(j, c(j)*x(j));
  92  disp(i).. sum(j, A(i,j)*x(j)) =l= b(i);
  93  *Devo fare necessariamente due
  94  lb(j).. x(j) =g= f;
  95  ub(j).. x(j) =l= g;
  96   
  97   
  98  *Un modello è una raccolta di equazioni
  99  *Creo un modello che usa tutte le equazioni all'interno del codice
 100  *In fase di elencazione non scrivo l'indice
 101  Model Example   /all/;
 102  Model Example2 /obiettivo, disp/;
 103  Model Example3 /Example -ub/;
 104  Model Example4 /Example2 + ub/;
 105   
 106  *Chiamo la funzione
 107  Solve Example using LP maximixing z
 108   
          LP  => linear programming => tutte le variabili sono positive/negative/free (SOLO variabili continue)
          MIP => almeno una variabile integer o binary (anche solo una variabile che è intera o bianria)
          maximixing => trova il massimo
          minimixing => trova il minimo
 115   
 116   
 117  *Visualizzazione dei risultati
 118  Display x.l , z.l;
 119   
 120  *x.l permette di accedere al level della variabile decisionale
 121  *x.up upper bound
 122  *x.lb lower bound
 123  *x.m marginal della variabile
 124  *x.fx fissa il livello della variabile


COMPILATION TIME     =        0.003 SECONDS      3 MB  40.3.0 f227c22a DEX-DEG
GAMS 40.3.0  f227c22a Sep 16, 2022          DEX-DEG x86 64bit/Mac OS X - 10/02/22 16:04:53 Page 2
Primo esempio
Equation Listing    SOLVE Example Using LP From line 118


---- obiettivo  =E=  funzione obiettivo

obiettivo..  x(j1) - 1.5*x(j2) - 2*x(j3) - 2.5*x(j4) - 3*x(j5) + z =E= 0 ; (LHS = 0)
     

---- disp  =L=  disponibilità delle risorse

disp(i1)..  0.5*x(j1) + 0.7*x(j2) + 0.2*x(j3) + 0.4*x(j4) + 0.5*x(j5) =L= 0.5 ; (LHS = 0)
     
disp(i2)..  0.3*x(j1) + 0.1*x(j2) + 0.4*x(j3) + 0.5*x(j4) + 0.6*x(j5) =L= 1 ; (LHS = 0)
     
disp(i3)..  0.2*x(j1) + 0.5*x(j2) + 0.4*x(j3) + 0.6*x(j4) + 0.5*x(j5) =L= 1 ; (LHS = 0)
     

---- lb  =G=  lower bound sul prodotto j

lb(j1)..  x(j1) =G= 0.1 ; (LHS = 0, INFES = 0.1 ****)
     
lb(j2)..  x(j2) =G= 0.1 ; (LHS = 0, INFES = 0.1 ****)
     
lb(j3)..  x(j3) =G= 0.1 ; (LHS = 0, INFES = 0.1 ****)
     
REMAINING 2 ENTRIES SKIPPED


---- ub  =L=  upper bound sul prodotto j

ub(j1)..  x(j1) =L= 1 ; (LHS = 0)
     
ub(j2)..  x(j2) =L= 1 ; (LHS = 0)
     
ub(j3)..  x(j3) =L= 1 ; (LHS = 0)
     
REMAINING 2 ENTRIES SKIPPED

GAMS 40.3.0  f227c22a Sep 16, 2022          DEX-DEG x86 64bit/Mac OS X - 10/02/22 16:04:53 Page 3
Primo esempio
Column Listing      SOLVE Example Using LP From line 118


---- x  produzione del prodotto j

x(j1)
                (.LO, .L, .UP, .M = 0, 0, +INF, 0)
        1       obiettivo
        0.5     disp(i1)
        0.3     disp(i2)
        0.2     disp(i3)
        1       lb(j1)
        1       ub(j1)

x(j2)
                (.LO, .L, .UP, .M = 0, 0, +INF, 0)
       -1.5     obiettivo
        0.7     disp(i1)
        0.1     disp(i2)
        0.5     disp(i3)
        1       lb(j2)
        1       ub(j2)

x(j3)
                (.LO, .L, .UP, .M = 0, 0, +INF, 0)
       -2       obiettivo
        0.2     disp(i1)
        0.4     disp(i2)
        0.4     disp(i3)
        1       lb(j3)
        1       ub(j3)

REMAINING 2 ENTRIES SKIPPED

---- z  variabile obiettivo (profitto totale)

z
                (.LO, .L, .UP, .M = -INF, 0, +INF, 0)
        1       obiettivo

GAMS 40.3.0  f227c22a Sep 16, 2022          DEX-DEG x86 64bit/Mac OS X - 10/02/22 16:04:53 Page 4
Primo esempio
Range Statistics    SOLVE Example Using LP From line 118


RANGE STATISTICS (ABSOLUTE NON-ZERO FINITE VALUES)

RHS       [min, max] : [ 1.000E-01, 1.000E+00] - Zero values observed as well
Bound     [min, max] : [        NA,        NA] - Zero values observed as well
Matrix    [min, max] : [ 1.000E-01, 3.000E+00]

GAMS 40.3.0  f227c22a Sep 16, 2022          DEX-DEG x86 64bit/Mac OS X - 10/02/22 16:04:53 Page 5
Primo esempio
Model Statistics    SOLVE Example Using LP From line 118


MODEL STATISTICS

BLOCKS OF EQUATIONS           4     SINGLE EQUATIONS           14
BLOCKS OF VARIABLES           2     SINGLE VARIABLES            6
NON ZERO ELEMENTS            31


GENERATION TIME      =        0.005 SECONDS      4 MB  40.3.0 f227c22a DEX-DEG
GAMS 40.3.0  f227c22a Sep 16, 2022          DEX-DEG x86 64bit/Mac OS X - 10/02/22 16:04:53 Page 6
Primo esempio
Solution Report     SOLVE Example Using LP From line 118


               S O L V E      S U M M A R Y

     MODEL   Example             OBJECTIVE  z
     TYPE    LP                  DIRECTION  MAXIMIZE
     SOLVER  CPLEX               FROM LINE  118

**** SOLVER STATUS     1 Normal Completion
**** MODEL STATUS      1 Optimal
**** OBJECTIVE VALUE                3.1625

 RESOURCE USAGE, LIMIT          0.012 10000000000.000
 ITERATION COUNT, LIMIT         1    2147483647
--- *** This solver runs with a demo license. No commercial use.
--- GMO setup time: 0.00s
--- GMO memory 0.50 Mb (peak 0.50 Mb)
--- Dictionary memory 0.00 Mb
--- Cplex 22.1.0.0 link memory 0.00 Mb (peak 0.00 Mb)
--- Starting Cplex


--- LP status (1): optimal.
--- Cplex Time: 0.00sec (det. 0.01 ticks)


Optimal solution found
Objective:            3.162500


                           LOWER          LEVEL          UPPER         MARGINAL

---- EQU obiettivo           .              .              .             1.0000      

  obiettivo  funzione obiettivo

---- EQU disp  disponibilità delle risorse

          LOWER          LEVEL          UPPER         MARGINAL

i1        -INF            0.5000         0.5000         6.2500      
i2        -INF            0.6625         1.0000          .          
i3        -INF            0.7150         1.0000          .          

---- EQU lb  lower bound sul prodotto j

          LOWER          LEVEL          UPPER         MARGINAL

j1         0.1000         0.1000        +INF           -4.1250      
j2         0.1000         0.1000        +INF           -2.8750      
j3         0.1000         1.0000        +INF             .          
j4         0.1000         0.3250        +INF             .          
j5         0.1000         0.1000        +INF           -0.1250      

---- EQU ub  upper bound sul prodotto j

          LOWER          LEVEL          UPPER         MARGINAL

j1        -INF            0.1000         1.0000          .          
j2        -INF            0.1000         1.0000          .          
j3        -INF            1.0000         1.0000         0.7500      
j4        -INF            0.3250         1.0000          .          
j5        -INF            0.1000         1.0000          .          

---- VAR x  produzione del prodotto j

          LOWER          LEVEL          UPPER         MARGINAL

j1          .             0.1000        +INF             .          
j2          .             0.1000        +INF             .          
j3          .             1.0000        +INF             .          
j4          .             0.3250        +INF             .          
j5          .             0.1000        +INF             .          

                           LOWER          LEVEL          UPPER         MARGINAL

---- VAR z                 -INF            3.1625        +INF             .          

  z  variabile obiettivo (profitto totale)


**** REPORT SUMMARY :        0     NONOPT
                             0 INFEASIBLE
                             0  UNBOUNDED
GAMS 40.3.0  f227c22a Sep 16, 2022          DEX-DEG x86 64bit/Mac OS X - 10/02/22 16:04:53 Page 7
Primo esempio
E x e c u t i o n


----    118 VARIABLE x.L  produzione del prodotto j

j1 0.100,    j2 0.100,    j3 1.000,    j4 0.325,    j5 0.100


----    118 VARIABLE z.L                   =        3.162  variabile obiettivo (profitto totale)


EXECUTION TIME       =        0.044 SECONDS      4 MB  40.3.0 f227c22a DEX-DEG


USER: GAMS Demo license for marco vinciguerra        G220927|0002CO-GEN
      unibg, Italy                                             DL074718


**** FILE SUMMARY

Input      /Users/marcovinciguerra/Github/Gams/new1.gms
Output     /Users/marcovinciguerra/Github/Gams/new1.lst
