GAMS 40.3.0  f227c22a Sep 16, 2022          DEX-DEG x86 64bit/Mac OS X - 12/09/22 12:47:57 Page 1
Abbattimento Emissioni - Dati
C o m p i l a t i o n


   2   
      Dati dell'esercizio 1 (Modelli 3)
   6   
   7  Sets
   8   I fonti di inquinamento / altiforni,fornaci /
   9   J metodi di abbattimento / ciminiere,filtri,additivi /
  10  ;
  11   
  12  Table p(i,j) riduzione di particolato data dall'installazione su i di j
  13             ciminiere filtri additivi
  14  altiforni      12       25     17
  15  fornaci         9       20     13
  16  ;
  17   
  18  Table s(i,j) riduzione di ossidi di zolfo data dall'installazione su i di j
  19             ciminiere filtri additivi
  20  altiforni      35       18     56
  21  fornaci        42       31     49
  22  ;
  23   
  24  Table h(i,j) riduzione di idrocarburi data dall'installazione su i di j
  25             ciminiere filtri additivi
  26  altiforni      37       28     29
  27  fornaci        53       24     20
  28  ;
  29   
  30  Table Inv(i,j) costo di investimento
  31             ciminiere filtri additivi
  32  altiforni      8        7     11
  33  fornaci        10       8      9
  34  ;
  35   
  36  Scalars
  37   P_min minime riduzioni di particolato  / 60 /
  38   S_min minime riduzioni di ossidi di zolfo / 150 /
  39   H_min minime riduzioni di idrocarburi  / 125 /
  40  ;
  41   
  42   
  43  Variables
  44  x(i,j) Frazione di installazione di j su i
  45  z Variabile obiettivo (costi totali di investimento)
  46  ;
  47   
  48  Positive Variable x;
  49  *è una frazione e quindi il valore massimo è 1
  50  x.up(i,j) = 1;
  51   
  52  Equations
  53  obiettivo funzione obiettivo
  54  particolato riduzione emisssioni di particolato
  55  ossidi riduzione delle emissioni di ossidi di zolfo
  56  idro vincolo sulla riduzione di emissioni di idrocarburi
  57  ;
  58   
  59  obiettivo..   z =e= sum((i,j), Inv(i,j)*x(i,j));
  60  particolato.. sum((i,j), p(i,j)*x(i,j)) =g= P_min;
  61  ossidi..      sum((i,j), s(i,j)*x(i,j)) =g= S_min;
  62  idro..        sum((i,j), h(i,j)*x(i,j)) =g= H_min;
  63   
  64  Model Pollution /all/;
  65  Solve Pollution using LP minimizing z;
  66  display x.l, z.l;
  67   
  68   
  69  **Punto b
  70  Scalar I_F incentivo fiscale /3.5/;
  71   
  72  Integer Variable teta aumenti del 10% nell'abbattiemnto delle emissioni;
  73   
  74  Equations
  75  obiettivo_b funzione obiettivo al punto b
  76  particolato_b
  77  ossidi_b
  78  idro_b
  79  ;
  80   
  81  obiettivo_b..   z =e= sum((i,j), Inv(i,j)*x(i,j))- I_F*teta;
  82  particolato_b.. sum((i,j), p(i,j)*x(i,j)) =g= P_min*(1+teta/10);
  83  ossidi_b..      sum((i,j), s(i,j)*x(i,j)) =g= S_min*(1+teta/10);
  84  idro_b..        sum((i,j), h(i,j)*x(i,j)) =g= H_min*(1+teta/10);
  85   
  86  Model Pollution_b /obiettivo_b, particolato_b , ossidi_b, idro_b/;
  87  Pollution_b.optca = 0;
  88  Pollution_b.optcr = 0;
  89   
  90  solve Pollution_b using MIP minizing z;
  91   
  92  Scalar teta_hat Riduzione percentuale effettiva;
  93  teta_hat = teta.l/10;
  94   
  95  Display x.l, teta.l, teta_hat, z.l;
  96   
  97   
  98  **Punto c
  99  I_F = 0.35;
 100  Equations
 101  particolato_c
 102  ossidi_c
 103  idro_c
 104  ;
 105   
 106  particolato_c.. sum((i,j), p(i,j)*x(i,j)) =g= P_min*(1+teta/100);
 107  ossidi_c..      sum((i,j), s(i,j)*x(i,j)) =g= S_min*(1+teta/100);
 108  idro_c..        sum((i,j), h(i,j)*x(i,j)) =g= H_min*(1+teta/100);
 109   
 110   
 111  Model Pollution_c /obiettivo_b, particolato_c, ossidi_c, idro_c/;
 112  Pollution_c.optca = 0;
 113  Pollution_c.optcr = 0;
 114   
 115  Solve Pollution_c using MIP minimizing z;
 116   
 117  teta_hat = teta.l/100;
 118  Display x.l, teta.l, teta_hat, z.l;
 119   
 120   


COMPILATION TIME     =        0.003 SECONDS      3 MB  40.3.0 f227c22a DEX-DEG
GAMS 40.3.0  f227c22a Sep 16, 2022          DEX-DEG x86 64bit/Mac OS X - 12/09/22 12:47:57 Page 2
Abbattimento Emissioni - Dati
Equation Listing    SOLVE Pollution Using LP From line 65


---- obiettivo  =E=  funzione obiettivo

obiettivo..  - 8*x(altiforni,ciminiere) - 7*x(altiforni,filtri) - 11*x(altiforni,additivi) - 10*x(fornaci,ciminiere) - 8*x(fornaci,filtri) - 9*x(fornaci,additivi) + z =E= 0 ; (LHS = 0)
     

---- particolato  =G=  riduzione emisssioni di particolato

particolato..  12*x(altiforni,ciminiere) + 25*x(altiforni,filtri) + 17*x(altiforni,additivi) + 9*x(fornaci,ciminiere) + 20*x(fornaci,filtri) + 13*x(fornaci,additivi) =G= 60 ; (LHS = 0, INFES = 60 ****)
     

---- ossidi  =G=  riduzione delle emissioni di ossidi di zolfo

ossidi..  35*x(altiforni,ciminiere) + 18*x(altiforni,filtri) + 56*x(altiforni,additivi) + 42*x(fornaci,ciminiere) + 31*x(fornaci,filtri) + 49*x(fornaci,additivi) =G= 150 ; (LHS = 0, INFES = 150 ****)
     

---- idro  =G=  vincolo sulla riduzione di emissioni di idrocarburi

idro..  37*x(altiforni,ciminiere) + 28*x(altiforni,filtri) + 29*x(altiforni,additivi) + 53*x(fornaci,ciminiere) + 24*x(fornaci,filtri) + 20*x(fornaci,additivi) =G= 125 ; (LHS = 0, INFES = 125 ****)
     
GAMS 40.3.0  f227c22a Sep 16, 2022          DEX-DEG x86 64bit/Mac OS X - 12/09/22 12:47:57 Page 3
Abbattimento Emissioni - Dati
Column Listing      SOLVE Pollution Using LP From line 65


---- x  Frazione di installazione di j su i

x(altiforni,ciminiere)
                (.LO, .L, .UP, .M = 0, 0, 1, 0)
       -8       obiettivo
       12       particolato
       35       ossidi
       37       idro

x(altiforni,filtri)
                (.LO, .L, .UP, .M = 0, 0, 1, 0)
       -7       obiettivo
       25       particolato
       18       ossidi
       28       idro

x(altiforni,additivi)
                (.LO, .L, .UP, .M = 0, 0, 1, 0)
      -11       obiettivo
       17       particolato
       56       ossidi
       29       idro

REMAINING 3 ENTRIES SKIPPED

---- z  Variabile obiettivo (costi totali di investimento)

z
                (.LO, .L, .UP, .M = -INF, 0, +INF, 0)
        1       obiettivo

GAMS 40.3.0  f227c22a Sep 16, 2022          DEX-DEG x86 64bit/Mac OS X - 12/09/22 12:47:57 Page 4
Abbattimento Emissioni - Dati
Range Statistics    SOLVE Pollution Using LP From line 65


RANGE STATISTICS (ABSOLUTE NON-ZERO FINITE VALUES)

RHS       [min, max] : [ 6.000E+01, 1.500E+02] - Zero values observed as well
Bound     [min, max] : [ 1.000E+00, 1.000E+00] - Zero values observed as well
Matrix    [min, max] : [ 1.000E+00, 5.600E+01]

GAMS 40.3.0  f227c22a Sep 16, 2022          DEX-DEG x86 64bit/Mac OS X - 12/09/22 12:47:57 Page 5
Abbattimento Emissioni - Dati
Model Statistics    SOLVE Pollution Using LP From line 65


MODEL STATISTICS

BLOCKS OF EQUATIONS           4     SINGLE EQUATIONS            4
BLOCKS OF VARIABLES           2     SINGLE VARIABLES            7
NON ZERO ELEMENTS            25


GENERATION TIME      =        0.005 SECONDS      4 MB  40.3.0 f227c22a DEX-DEG
GAMS 40.3.0  f227c22a Sep 16, 2022          DEX-DEG x86 64bit/Mac OS X - 12/09/22 12:47:57 Page 6
Abbattimento Emissioni - Dati
Solution Report     SOLVE Pollution Using LP From line 65


               S O L V E      S U M M A R Y

     MODEL   Pollution           OBJECTIVE  z
     TYPE    LP                  DIRECTION  MINIMIZE
     SOLVER  CPLEX               FROM LINE  65

**** SOLVER STATUS     1 Normal Completion
**** MODEL STATUS      1 Optimal
**** OBJECTIVE VALUE               33.9707

 RESOURCE USAGE, LIMIT          0.012 10000000000.000
 ITERATION COUNT, LIMIT         3    2147483647
--- *** This solver runs with a demo license. No commercial use.
--- GMO setup time: 0.00s
--- GMO memory 0.50 Mb (peak 0.50 Mb)
--- Dictionary memory 0.00 Mb
--- Cplex 22.1.0.0 link memory 0.00 Mb (peak 0.00 Mb)
--- Starting Cplex


--- LP status (1): optimal.
--- Cplex Time: 0.00sec (det. 0.01 ticks)


Optimal solution found
Objective:           33.970716


                           LOWER          LEVEL          UPPER         MARGINAL

---- EQU obiettivo           .              .              .             1.0000      
---- EQU particola~        60.0000        60.0000        +INF            0.1110      
---- EQU ossidi           150.0000       150.0000        +INF            0.1268      
---- EQU idro             125.0000       125.0000        +INF            0.0693      

  obiettivo  funzione obiettivo
  particolato  riduzione emisssioni di particolato
  ossidi  riduzione delle emissioni di ossidi di zolfo
  idro  vincolo sulla riduzione di emissioni di idrocarburi

---- VAR x  Frazione di installazione di j su i

                           LOWER          LEVEL          UPPER         MARGINAL

altiforni.ciminiere          .             1.0000         1.0000        -0.3362      
altiforni.filtri             .             0.8735         1.0000          .          
altiforni.additivi           .             0.4777         1.0000          .          
fornaci  .ciminiere          .             0.5602         1.0000          .          
fornaci  .filtri             .              .             1.0000         0.1839      
fornaci  .additivi           .             1.0000         1.0000        -0.0442      

                           LOWER          LEVEL          UPPER         MARGINAL

---- VAR z                 -INF           33.9707        +INF             .          

  z  Variabile obiettivo (costi totali di investimento)


**** REPORT SUMMARY :        0     NONOPT
                             0 INFEASIBLE
                             0  UNBOUNDED
GAMS 40.3.0  f227c22a Sep 16, 2022          DEX-DEG x86 64bit/Mac OS X - 12/09/22 12:47:57 Page 7
Abbattimento Emissioni - Dati
E x e c u t i o n


----     66 VARIABLE x.L  Frazione di installazione di j su i

            ciminiere      filtri    additivi

altiforni       1.000       0.874       0.478
fornaci         0.560                   1.000


----     66 VARIABLE z.L                   =       33.971  Variabile obiettivo (costi totali di investimento)
GAMS 40.3.0  f227c22a Sep 16, 2022          DEX-DEG x86 64bit/Mac OS X - 12/09/22 12:47:57 Page 8
Abbattimento Emissioni - Dati
Equation Listing    SOLVE Pollution_b Using MIP From line 90


---- obiettivo_b  =E=  funzione obiettivo al punto b

obiettivo_b..  - 8*x(altiforni,ciminiere) - 7*x(altiforni,filtri) - 11*x(altiforni,additivi) - 10*x(fornaci,ciminiere) - 8*x(fornaci,filtri) - 9*x(fornaci,additivi) + z + 3.5*teta =E= 0 ; (LHS = 0)
     

---- particolato_b  =G=  

particolato_b..  12*x(altiforni,ciminiere) + 25*x(altiforni,filtri) + 17*x(altiforni,additivi) + 9*x(fornaci,ciminiere) + 20*x(fornaci,filtri) + 13*x(fornaci,additivi) - 6*teta =G= 60 ; (LHS = 60)
     

---- ossidi_b  =G=  

ossidi_b..  35*x(altiforni,ciminiere) + 18*x(altiforni,filtri) + 56*x(altiforni,additivi) + 42*x(fornaci,ciminiere) + 31*x(fornaci,filtri) + 49*x(fornaci,additivi) - 15*teta =G= 150 ; (LHS = 150)
     

---- idro_b  =G=  

idro_b..  37*x(altiforni,ciminiere) + 28*x(altiforni,filtri) + 29*x(altiforni,additivi) + 53*x(fornaci,ciminiere) + 24*x(fornaci,filtri) + 20*x(fornaci,additivi) - 12.5*teta =G= 125 ; (LHS = 125)
     
GAMS 40.3.0  f227c22a Sep 16, 2022          DEX-DEG x86 64bit/Mac OS X - 12/09/22 12:47:57 Page 9
Abbattimento Emissioni - Dati
Column Listing      SOLVE Pollution_b Using MIP From line 90


---- x  Frazione di installazione di j su i

x(altiforni,ciminiere)
                (.LO, .L, .UP, .M = 0, 1, 1, -0.336210968249802)
       -8       obiettivo_b
       12       particolato_b
       35       ossidi_b
       37       idro_b

x(altiforni,filtri)
                (.LO, .L, .UP, .M = 0, 0.87352400944634, 1, 0)
       -7       obiettivo_b
       25       particolato_b
       18       ossidi_b
       28       idro_b

x(altiforni,additivi)
                (.LO, .L, .UP, .M = 0, 0.477669902912622, 1, 0)
      -11       obiettivo_b
       17       particolato_b
       56       ossidi_b
       29       idro_b

REMAINING 3 ENTRIES SKIPPED

---- z  Variabile obiettivo (costi totali di investimento)

z
                (.LO, .L, .UP, .M = -INF, 33.9707163474154, +INF, 0)
        1       obiettivo_b


---- teta  aumenti del 10% nell'abbattiemnto delle emissioni

teta
                (.LO, .L, .UP, .M = 0, 0, +INF, 0)
        3.5     obiettivo_b
       -6       particolato_b
      -15       ossidi_b
      -12.5     idro_b

GAMS 40.3.0  f227c22a Sep 16, 2022          DEX-DEG x86 64bit/Mac OS X - 12/09/22 12:47:57 Page 10
Abbattimento Emissioni - Dati
Range Statistics    SOLVE Pollution_b Using MIP From line 90


RANGE STATISTICS (ABSOLUTE NON-ZERO FINITE VALUES)

RHS       [min, max] : [ 6.000E+01, 1.500E+02] - Zero values observed as well
Bound     [min, max] : [ 1.000E+00, 1.000E+00] - Zero values observed as well
Matrix    [min, max] : [ 1.000E+00, 5.600E+01]

GAMS 40.3.0  f227c22a Sep 16, 2022          DEX-DEG x86 64bit/Mac OS X - 12/09/22 12:47:57 Page 11
Abbattimento Emissioni - Dati
Model Statistics    SOLVE Pollution_b Using MIP From line 90


MODEL STATISTICS

BLOCKS OF EQUATIONS           4     SINGLE EQUATIONS            4
BLOCKS OF VARIABLES           3     SINGLE VARIABLES            8
NON ZERO ELEMENTS            29     DISCRETE VARIABLES          1


GENERATION TIME      =        0.001 SECONDS      4 MB  40.3.0 f227c22a DEX-DEG
GAMS 40.3.0  f227c22a Sep 16, 2022          DEX-DEG x86 64bit/Mac OS X - 12/09/22 12:47:57 Page 12
Abbattimento Emissioni - Dati
Solution Report     SOLVE Pollution_b Using MIP From line 90


               S O L V E      S U M M A R Y

     MODEL   Pollution_b         OBJECTIVE  z
     TYPE    MIP                 DIRECTION  MINIMIZE
     SOLVER  CPLEX               FROM LINE  90

**** SOLVER STATUS     1 Normal Completion
**** MODEL STATUS      1 Optimal
**** OBJECTIVE VALUE               33.7956

 RESOURCE USAGE, LIMIT          0.018 10000000000.000
 ITERATION COUNT, LIMIT         7    2147483647
--- *** This solver runs with a demo license. No commercial use.
--- GMO setup time: 0.00s
--- GMO memory 0.50 Mb (peak 0.50 Mb)
--- Dictionary memory 0.00 Mb
--- Cplex 22.1.0.0 link memory 0.00 Mb (peak 0.00 Mb)
--- Starting Cplex


--- MIP status (101): integer optimal solution.
--- Cplex Time: 0.01sec (det. 0.06 ticks)

--- Fixing integer variables and solving final LP...


--- Fixed MIP status (1): optimal.
--- Cplex Time: 0.00sec (det. 0.01 ticks)


Proven optimal solution
MIP Solution:           33.795644    (7 iterations, 0 nodes)
Final Solve:            33.795644    (5 iterations)

Best possible:          33.795644
Absolute gap:            0.000000
Relative gap:            0.000000


                           LOWER          LEVEL          UPPER         MARGINAL

---- EQU obiettivo~          .              .              .             1.0000      
---- EQU particola~        60.0000        60.0000        +INF            0.1270      
---- EQU ossidi_b         150.0000       150.0000        +INF            0.1210      
---- EQU idro_b           125.0000       125.0000        +INF            0.0712      

  obiettivo_b  funzione obiettivo al punto b

---- VAR x  Frazione di installazione di j su i

                           LOWER          LEVEL          UPPER         MARGINAL

altiforni.ciminiere          .             1.0000         1.0000        -0.3942      
altiforni.filtri             .             1.0000         1.0000        -0.3470      
altiforni.additivi           .             0.9442         1.0000          .          
fornaci  .ciminiere          .             0.9735         1.0000          .          
fornaci  .filtri             .             0.4594         1.0000          .          
fornaci  .additivi           .             1.0000         1.0000        -0.0040      

                           LOWER          LEVEL          UPPER         MARGINAL

---- VAR z                 -INF           33.7956        +INF             .          
---- VAR teta                .             4.0000        +INF           -0.0328      

  z  Variabile obiettivo (costi totali di investimento)
  teta  aumenti del 10% nell'abbattiemnto delle emissioni


**** REPORT SUMMARY :        0     NONOPT
                             0 INFEASIBLE
                             0  UNBOUNDED
GAMS 40.3.0  f227c22a Sep 16, 2022          DEX-DEG x86 64bit/Mac OS X - 12/09/22 12:47:57 Page 13
Abbattimento Emissioni - Dati
E x e c u t i o n


----     95 VARIABLE x.L  Frazione di installazione di j su i

            ciminiere      filtri    additivi

altiforni       1.000       1.000       0.944
fornaci         0.973       0.459       1.000


----     95 VARIABLE teta.L                =        4.000  aumenti del 10% nell'abbattiemnto delle emissioni
            PARAMETER teta_hat             =        0.400  Riduzione percentuale effettiva
            VARIABLE z.L                   =       33.796  Variabile obiettivo (costi totali di investimento)
GAMS 40.3.0  f227c22a Sep 16, 2022          DEX-DEG x86 64bit/Mac OS X - 12/09/22 12:47:57 Page 14
Abbattimento Emissioni - Dati
Equation Listing    SOLVE Pollution_c Using MIP From line 115


---- obiettivo_b  =E=  funzione obiettivo al punto b

obiettivo_b..  - 8*x(altiforni,ciminiere) - 7*x(altiforni,filtri) - 11*x(altiforni,additivi) - 10*x(fornaci,ciminiere) - 8*x(fornaci,filtri) - 9*x(fornaci,additivi) + z + 0.35*teta =E= 0 ; (LHS = -12.6, INFES = 12.6 ****)
     

---- particolato_c  =G=  

particolato_c..  12*x(altiforni,ciminiere) + 25*x(altiforni,filtri) + 17*x(altiforni,additivi) + 9*x(fornaci,ciminiere) + 20*x(fornaci,filtri) + 13*x(fornaci,additivi) - 0.6*teta =G= 60 ; (LHS = 81.6)
     

---- ossidi_c  =G=  

ossidi_c..  35*x(altiforni,ciminiere) + 18*x(altiforni,filtri) + 56*x(altiforni,additivi) + 42*x(fornaci,ciminiere) + 31*x(fornaci,filtri) + 49*x(fornaci,additivi) - 1.5*teta =G= 150 ; (LHS = 204)
     

---- idro_c  =G=  

idro_c..  37*x(altiforni,ciminiere) + 28*x(altiforni,filtri) + 29*x(altiforni,additivi) + 53*x(fornaci,ciminiere) + 24*x(fornaci,filtri) + 20*x(fornaci,additivi) - 1.25*teta =G= 125 ; (LHS = 170)
     
GAMS 40.3.0  f227c22a Sep 16, 2022          DEX-DEG x86 64bit/Mac OS X - 12/09/22 12:47:57 Page 15
Abbattimento Emissioni - Dati
Column Listing      SOLVE Pollution_c Using MIP From line 115


---- x  Frazione di installazione di j su i

x(altiforni,ciminiere)
                (.LO, .L, .UP, .M = 0, 1, 1, -0.39420792079208)
       -8       obiettivo_b
       12       particolato_c
       35       ossidi_c
       37       idro_c

x(altiforni,filtri)
                (.LO, .L, .UP, .M = 0, 1, 1, -0.346980198019803)
       -7       obiettivo_b
       25       particolato_c
       18       ossidi_c
       28       idro_c

x(altiforni,additivi)
                (.LO, .L, .UP, .M = 0, 0.944158415841584, 1, 0)
      -11       obiettivo_b
       17       particolato_c
       56       ossidi_c
       29       idro_c

REMAINING 3 ENTRIES SKIPPED

---- z  Variabile obiettivo (costi totali di investimento)

z
                (.LO, .L, .UP, .M = -INF, 33.7956435643564, +INF, 0)
        1       obiettivo_b


---- teta  aumenti del 10% nell'abbattiemnto delle emissioni

teta
                (.LO, .L, .UP, .M = 0, 4, +INF, -0.03279702970297)
        0.35    obiettivo_b
       -0.6     particolato_c
       -1.5     ossidi_c
       -1.25    idro_c

GAMS 40.3.0  f227c22a Sep 16, 2022          DEX-DEG x86 64bit/Mac OS X - 12/09/22 12:47:57 Page 16
Abbattimento Emissioni - Dati
Range Statistics    SOLVE Pollution_c Using MIP From line 115


RANGE STATISTICS (ABSOLUTE NON-ZERO FINITE VALUES)

RHS       [min, max] : [ 6.000E+01, 1.500E+02] - Zero values observed as well
Bound     [min, max] : [ 1.000E+00, 1.000E+00] - Zero values observed as well
Matrix    [min, max] : [ 3.500E-01, 5.600E+01]

GAMS 40.3.0  f227c22a Sep 16, 2022          DEX-DEG x86 64bit/Mac OS X - 12/09/22 12:47:57 Page 17
Abbattimento Emissioni - Dati
Model Statistics    SOLVE Pollution_c Using MIP From line 115


MODEL STATISTICS

BLOCKS OF EQUATIONS           4     SINGLE EQUATIONS            4
BLOCKS OF VARIABLES           3     SINGLE VARIABLES            8
NON ZERO ELEMENTS            29     DISCRETE VARIABLES          1


GENERATION TIME      =        0.001 SECONDS      4 MB  40.3.0 f227c22a DEX-DEG
GAMS 40.3.0  f227c22a Sep 16, 2022          DEX-DEG x86 64bit/Mac OS X - 12/09/22 12:47:57 Page 18
Abbattimento Emissioni - Dati
Solution Report     SOLVE Pollution_c Using MIP From line 115


               S O L V E      S U M M A R Y

     MODEL   Pollution_c         OBJECTIVE  z
     TYPE    MIP                 DIRECTION  MINIMIZE
     SOLVER  CPLEX               FROM LINE  115

**** SOLVER STATUS     1 Normal Completion
**** MODEL STATUS      1 Optimal
**** OBJECTIVE VALUE               33.7891

 RESOURCE USAGE, LIMIT          0.017 10000000000.000
 ITERATION COUNT, LIMIT         7    2147483647
--- *** This solver runs with a demo license. No commercial use.
--- GMO setup time: 0.00s
--- GMO memory 0.50 Mb (peak 0.50 Mb)
--- Dictionary memory 0.00 Mb
--- Cplex 22.1.0.0 link memory 0.00 Mb (peak 0.00 Mb)
--- Starting Cplex


--- MIP status (101): integer optimal solution.
--- Cplex Time: 0.01sec (det. 0.06 ticks)

--- Fixing integer variables and solving final LP...


--- Fixed MIP status (1): optimal.
--- Cplex Time: 0.00sec (det. 0.01 ticks)


Proven optimal solution
MIP Solution:           33.789084    (7 iterations, 0 nodes)
Final Solve:            33.789084    (5 iterations)

Best possible:          33.789084
Absolute gap:            0.000000
Relative gap:            0.000000


                           LOWER          LEVEL          UPPER         MARGINAL

---- EQU obiettivo~          .              .              .             1.0000      
---- EQU particola~        60.0000        60.0000        +INF            0.1270      
---- EQU ossidi_c         150.0000       150.0000        +INF            0.1210      
---- EQU idro_c           125.0000       125.0000        +INF            0.0712      

  obiettivo_b  funzione obiettivo al punto b

---- VAR x  Frazione di installazione di j su i

                           LOWER          LEVEL          UPPER         MARGINAL

altiforni.ciminiere          .             1.0000         1.0000        -0.3942      
altiforni.filtri             .             1.0000         1.0000        -0.3470      
altiforni.additivi           .             0.9624         1.0000          .          
fornaci  .ciminiere          .             0.9949         1.0000          .          
fornaci  .filtri             .             0.4943         1.0000          .          
fornaci  .additivi           .             1.0000         1.0000        -0.0040      

                           LOWER          LEVEL          UPPER         MARGINAL

---- VAR z                 -INF           33.7891        +INF             .          
---- VAR teta                .            42.0000        +INF           -0.0033      

  z  Variabile obiettivo (costi totali di investimento)
  teta  aumenti del 10% nell'abbattiemnto delle emissioni


**** REPORT SUMMARY :        0     NONOPT
                             0 INFEASIBLE
                             0  UNBOUNDED
GAMS 40.3.0  f227c22a Sep 16, 2022          DEX-DEG x86 64bit/Mac OS X - 12/09/22 12:47:57 Page 19
Abbattimento Emissioni - Dati
E x e c u t i o n


----    118 VARIABLE x.L  Frazione di installazione di j su i

            ciminiere      filtri    additivi

altiforni       1.000       1.000       0.962
fornaci         0.995       0.494       1.000


----    118 VARIABLE teta.L                =       42.000  aumenti del 10% nell'abbattiemnto delle emissioni
            PARAMETER teta_hat             =        0.420  Riduzione percentuale effettiva
            VARIABLE z.L                   =       33.789  Variabile obiettivo (costi totali di investimento)


EXECUTION TIME       =        0.127 SECONDS      4 MB  40.3.0 f227c22a DEX-DEG


USER: GAMS Demo license for marco vinciguerra        G220927|0002CO-GEN
      unibg, Italy                                             DL074718


**** FILE SUMMARY

Input      /Users/marcovinciguerra/Github/Gams/Ex 3.1 - Dati.gms
Output     /Users/marcovinciguerra/Github/Gams/Ex 3.1 - Dati.lst
